=== Carmen Sandiego — CRE Simulation: carmen-moves ===
=== Tue Mar  3 19:33:34     2026 ===

Initializing...
Checking RPC connectivity...
Compiling workflow...
✓ Workflow compiled
2026-03-03T19:33:38Z [SIMULATION] Simulator Initialized

2026-03-03T19:33:38Z [SIMULATION] Running trigger trigger=cron-trigger@1.0.0
2026-03-03T19:33:38Z [USER LOG] === Carmen Moves — Cron Trigger ===
2026-03-03T19:33:38Z [USER LOG] Active missions: [] (0 total)
2026-03-03T19:33:38Z [USER LOG] No active missions, nothing to do

✓ Workflow Simulation Result:
{}

2026-03-03T19:33:38Z [SIMULATION] Execution finished signal received
2026-03-03T19:33:38Z [SIMULATION] Skipping WorkflowEngineV2

╭──────────────────────────────────────────────────────╮
│ Simulation complete! Ready to deploy your workflow?  │
│                                                      │
│ Run cre account access to request deployment access. │
╰──────────────────────────────────────────────────────╯

✅ [carmen-moves] SIMULATION PASSED
