=== Carmen Sandiego — CRE Simulation: mission-start ===
=== Wed, Mar  4, 2026  7:52:27 PM ===

Initializing...
Checking RPC connectivity...
Compiling workflow...
✓ Workflow compiled
Fetching transaction receipt for 0xafe53d52de5ced22ae861f84e37b5fb13323b20cc6973f45f6be3628c23f3f13...
2026-03-04T19:52:33Z [SIMULATION] Simulator Initialized

2026-03-04T19:52:33Z [SIMULATION] Running trigger trigger=evm:ChainSelector:16015286601757825753@1.0.0
2026-03-04T19:52:33Z [USER LOG] Investigation: mission=12, player=0xb19eE81581AE385F56D702d412D92d70fb65b9F7, chainId=84532
2026-03-04T19:52:33Z [USER LOG] Salt: 0xdf21a432e6cfb8be02f00d64163cb9f40e3895ca010fd0db3ebd1d1ed35f2531
2026-03-04T19:52:33Z [USER LOG] Valid cities: 421614, 84532, 51
2026-03-04T19:52:34Z [USER LOG] TargetHash: 0xcc00fc51f887a40dc049a569f0be21ea4874a417cde8336a96ca9ed850bd0cb4, cluesReceived: 4
2026-03-04T19:52:34Z [USER LOG] Player public key: 0x04898030246912844a...
2026-03-04T19:52:34Z [USER LOG] Carmen is in city: 84532
2026-03-04T19:52:34Z [USER LOG] Player investigated 84532, correct=true
2026-03-04T19:52:34Z [USER LOG] Clue strength: 61 (threshold=65, correct=true)
2026-03-04T19:52:34Z [USER LOG] Clue encrypted (668 hex chars)
2026-03-04T19:52:34Z [USER LOG] Sending clue report to proxy...
2026-03-04T19:52:34Z [USER LOG] Clue delivered successfully!
2026-03-04T19:52:34Z [USER LOG] Clues: 4 on-chain + 1 new = 5 total (need 3)
2026-03-04T19:52:34Z [USER LOG] CAPTURE! Player found Carmen in city 84532 with 5 clues.
2026-03-04T19:52:35Z [USER LOG] Carmen captured! Mission complete!

✓ Workflow Simulation Result:
{}

2026-03-04T19:52:35Z [SIMULATION] Execution finished signal received
2026-03-04T19:52:35Z [SIMULATION] Skipping WorkflowEngineV2

╭──────────────────────────────────────────────────────╮
│ Simulation complete! Ready to deploy your workflow?  │
│                                                      │
│ Run cre account access to request deployment access. │
╰──────────────────────────────────────────────────────╯

✅ [mission-start] SIMULATION PASSED
