=== Carmen Sandiego — CRE Simulation: carmen-moves ===
=== Wed, Mar  4, 2026  8:28:23 PM ===

Initializing...
Checking RPC connectivity...
Compiling workflow...
✓ Workflow compiled
2026-03-04T20:28:29Z [SIMULATION] Simulator Initialized

2026-03-04T20:28:29Z [SIMULATION] Running trigger trigger=cron-trigger@1.0.0
2026-03-04T20:28:29Z [USER LOG] === Carmen Moves — Cron Trigger ===
2026-03-04T20:28:29Z [USER LOG] Active missions: [] (0 total)
2026-03-04T20:28:29Z [USER LOG] No active missions, nothing to do

✓ Workflow Simulation Result:
{}

2026-03-04T20:28:29Z [SIMULATION] Execution finished signal received
2026-03-04T20:28:29Z [SIMULATION] Skipping WorkflowEngineV2

╭──────────────────────────────────────────────────────╮
│ Simulation complete! Ready to deploy your workflow?  │
│                                                      │
│ Run cre account access to request deployment access. │
╰──────────────────────────────────────────────────────╯

✅ [carmen-moves] SIMULATION PASSED
