=== Carmen Sandiego — CRE Simulation: generate-finale ===
=== Wed, Mar  4, 2026  8:51:44 PM ===

Initializing...
Checking RPC connectivity...
Compiling workflow...
✓ Workflow compiled
Fetching transaction receipt for 0xb88e671b9b63cd67fd06c1ebb61cbb63e30e919c61f882f26cd74eb941512494...
2026-03-04T20:51:49Z [SIMULATION] Simulator Initialized

2026-03-04T20:51:49Z [SIMULATION] Running trigger trigger=evm:ChainSelector:16015286601757825753@1.0.0
2026-03-04T20:51:49Z [USER LOG] CarmenCaptured: mission=12, player=0xb19eE81581AE385F56D702d412D92d70fb65b9F7, blocks=14, reward=100
2026-03-04T20:51:49Z [USER LOG] Mission data: clues=4, investigations=3
2026-03-04T20:51:50Z [USER LOG] Captured in: Paris (Base Sepolia)
2026-03-04T20:51:50Z [USER LOG] Evidence count: 0
2026-03-04T20:51:50Z [USER LOG] Scenario: "The DAO Treasury Drain", Tier: GOLD
2026-03-04T20:51:50Z [USER LOG] Using enriched finale (async AI planned for CRE v2)
2026-03-04T20:51:50Z [USER LOG] SVG trophy generated (3600 chars)
2026-03-04T20:51:50Z [USER LOG] Token URI built (9405 chars)
2026-03-04T20:51:50Z [USER LOG] Sending token URI to proxy...
2026-03-04T20:51:50Z [USER LOG] Trophy NFT metadata set for Mission #12! (GOLD rank)

✓ Workflow Simulation Result:
{}

2026-03-04T20:51:50Z [SIMULATION] Execution finished signal received
2026-03-04T20:51:50Z [SIMULATION] Skipping WorkflowEngineV2

╭──────────────────────────────────────────────────────╮
│ Simulation complete! Ready to deploy your workflow?  │
│                                                      │
│ Run cre account access to request deployment access. │
╰──────────────────────────────────────────────────────╯

✅ [generate-finale] SIMULATION PASSED
