=== Carmen Sandiego — CRE Simulation: generate-briefing ===
=== Thu, Mar  5, 2026  8:20:27 AM ===

Initializing...
Checking RPC connectivity...
Compiling workflow...
✓ Workflow compiled
Fetching transaction receipt for 0x3fba49f92846035e3c65e703af12b9755c168287b9ada2f4e9cb749bb0019f0c...
2026-03-05T08:20:32Z [SIMULATION] Simulator Initialized

2026-03-05T08:20:32Z [SIMULATION] Running trigger trigger=evm:ChainSelector:16015286601757825753@1.0.0
2026-03-05T08:20:32Z [USER LOG] [Chainlink Data Feed] Reading ETH/USD from Sepolia aggregator...
2026-03-05T08:20:32Z [USER LOG] [Chainlink Data Feed] ETH/USD = $2158.46 (round=18446744073709582678, updated=2026-03-05T10:33:48.000Z)
2026-03-05T08:20:32Z [USER LOG] [Chainlink Data Feed] Contract: 0x694AA1769357215DE4FAC081bf1f309aDC325306 (Sepolia)
2026-03-05T08:20:32Z [USER LOG] MissionStarted: mission=12, player=0xb19eE81581AE385F56D702d412D92d70fb65b9F7
2026-03-05T08:20:33Z [USER LOG] Player public key: 0x042a71ad6ad87a9075...
2026-03-05T08:20:33Z [USER LOG] TargetHash: 0xcc00fc51f887a40dc049a569f0be21ea4874a417cde8336a96ca9ed850bd0cb4, salt: 0xdf21a432e6cfb8be02f00d64163cb9f40e3895ca010fd0db3ebd1d1ed35f2531
2026-03-05T08:20:33Z [USER LOG] Valid cities: 421614, 84532, 51
2026-03-05T08:20:33Z [USER LOG] Derived destination city for opening clue: 84532
2026-03-05T08:20:33Z [USER LOG] Scenario: "The DAO Treasury Drain"
2026-03-05T08:20:33Z [USER LOG] No AI API key — using enriched opening clue
2026-03-05T08:20:33Z [USER LOG] Opening clue ready (972 chars)
2026-03-05T08:20:33Z [USER LOG] Opening clue encrypted (3086 hex chars)
2026-03-05T08:20:33Z [USER LOG] Sending encrypted opening clue to proxy...
2026-03-05T08:20:34Z [USER LOG] Encrypted opening clue delivered on-chain!

✓ Workflow Simulation Result:
{}

2026-03-05T08:20:34Z [SIMULATION] Execution finished signal received
2026-03-05T08:20:34Z [SIMULATION] Skipping WorkflowEngineV2

╭──────────────────────────────────────────────────────╮
│ Simulation complete! Ready to deploy your workflow?  │
│                                                      │
│ Run cre account access to request deployment access. │
╰──────────────────────────────────────────────────────╯

✅ [generate-briefing] SIMULATION PASSED
